2024-06-24 18:08:06,499 p=3444395 u=upszot n=ansible | [WARNING]: A duplicate localhost-like entry was found (localhost). First found localhost was 127.0.0.1

2024-06-24 18:08:06,598 p=3444395 u=upszot n=ansible | PLAY [all] **********************************************************************************************************************************************************************************************************************************
2024-06-24 18:08:06,609 p=3444395 u=upszot n=ansible | TASK [Gathering Facts] **********************************************************************************************************************************************************************************************************************
2024-06-24 18:08:07,746 p=3444395 u=upszot n=ansible | ok: [localhost]
2024-06-24 18:08:07,775 p=3444395 u=upszot n=ansible | TASK [include_role : 2do_parcial] ***********************************************************************************************************************************************************************************************************
2024-06-24 18:08:07,805 p=3444395 u=upszot n=ansible | TASK [2do_parcial : debug] ******************************************************************************************************************************************************************************************************************
2024-06-24 18:08:07,817 p=3444395 u=upszot n=ansible | ok: [localhost] => {
    "msg": "Tareas del 2do Parcial"
}
2024-06-24 18:08:07,836 p=3444395 u=upszot n=ansible | TASK [Otra tarea] ***************************************************************************************************************************************************************************************************************************
2024-06-24 18:08:07,851 p=3444395 u=upszot n=ansible | ok: [localhost] => {
    "msg": "Despues de la ejecucion del rol"
}
2024-06-24 18:08:07,885 p=3444395 u=upszot n=ansible | PLAY RECAP **********************************************************************************************************************************************************************************************************************************
2024-06-24 18:08:07,885 p=3444395 u=upszot n=ansible | localhost                  : ok=3    changed=0    unreachable=0    failed=0    skipped=0    rescued=0    ignored=0   
2025-11-26 07:39:30,723 p=11653 u=semoniuk n=ansible | [WARNING]: No inventory was parsed, only implicit localhost is available

2025-11-26 07:39:30,733 p=11653 u=semoniuk n=ansible | [WARNING]: provided hosts list is empty, only localhost is available. Note that
the implicit localhost does not match 'all'

2025-11-26 07:39:30,974 p=11653 u=semoniuk n=ansible | ERROR! We were unable to read either as JSON nor YAML, these are the errors we got from each:
JSON: Expecting value: line 1 column 1 (char 0)

Syntax Error while loading YAML.
  mapping values are not allowed in this context

The error appears to be in '/home/semoniuk/UTN-FRA_SO_Examenes/202406/ansible/playbook.yml': line 24, column 12, but may
be elsewhere in the file depending on the exact syntax problem.

The offending line appears to be:

    - name: 2. Generar archivo datos_alumno.txt
        src: datos_alumno.txt.j2
           ^ here

2025-11-26 07:42:04,847 p=11666 u=semoniuk n=ansible | [WARNING]: No inventory was parsed, only implicit localhost is available

2025-11-26 07:42:04,849 p=11666 u=semoniuk n=ansible | [WARNING]: provided hosts list is empty, only localhost is available. Note that
the implicit localhost does not match 'all'

2025-11-26 07:42:05,031 p=11666 u=semoniuk n=ansible | PLAY [TP] **********************************************************************
2025-11-26 07:42:05,053 p=11666 u=semoniuk n=ansible | TASK [Gathering Facts] *********************************************************
2025-11-26 07:42:05,388 p=11666 u=semoniuk n=ansible | fatal: [localhost]: FAILED! => {"ansible_facts": {}, "changed": false, "failed_modules": {"ansible.legacy.setup": {"failed": true, "module_stderr": "sudo: a password is required\n", "module_stdout": "", "msg": "MODULE FAILURE\nSee stdout/stderr for the exact error", "rc": 1}}, "msg": "The following modules failed to execute: ansible.legacy.setup\n"}
2025-11-26 07:42:05,390 p=11666 u=semoniuk n=ansible | PLAY RECAP *********************************************************************
2025-11-26 07:42:05,391 p=11666 u=semoniuk n=ansible | localhost                  : ok=0    changed=0    unreachable=0    failed=1    skipped=0    rescued=0    ignored=0   
2025-11-26 07:43:37,358 p=11704 u=root n=ansible | [WARNING]: No inventory was parsed, only implicit localhost is available

2025-11-26 07:43:37,361 p=11704 u=root n=ansible | [WARNING]: provided hosts list is empty, only localhost is available. Note that
the implicit localhost does not match 'all'

2025-11-26 07:43:37,466 p=11704 u=root n=ansible | PLAY [TP] **********************************************************************
2025-11-26 07:43:37,473 p=11704 u=root n=ansible | TASK [Gathering Facts] *********************************************************
2025-11-26 07:43:38,592 p=11704 u=root n=ansible | ok: [localhost]
2025-11-26 07:43:38,602 p=11704 u=root n=ansible | TASK [1. Crear directorios] ****************************************************
2025-11-26 07:43:38,880 p=11704 u=root n=ansible | changed: [localhost] => (item=alumno)
2025-11-26 07:43:39,040 p=11704 u=root n=ansible | changed: [localhost] => (item=equipo)
2025-11-26 07:43:39,048 p=11704 u=root n=ansible | TASK [2. Generar archivo datos_alumno.txt] *************************************
2025-11-26 07:43:39,530 p=11704 u=root n=ansible | changed: [localhost]
2025-11-26 07:43:39,536 p=11704 u=root n=ansible | TASK [3. Generar archivo datos_equipo.txt] *************************************
2025-11-26 07:43:39,894 p=11704 u=root n=ansible | changed: [localhost]
2025-11-26 07:43:39,900 p=11704 u=root n=ansible | TASK [4. Configurar sudoers para el grupo 2PSupervisores (NOPASSWD)] ***********
2025-11-26 07:43:40,156 p=11704 u=root n=ansible | changed: [localhost]
2025-11-26 07:43:40,166 p=11704 u=root n=ansible | PLAY RECAP *********************************************************************
2025-11-26 07:43:40,167 p=11704 u=root n=ansible | localhost                  : ok=5    changed=4    unreachable=0    failed=0    skipped=0    rescued=0    ignored=0   
